2025-11-20T13:46:55.5156067Z Current runner version: '2.329.0'
2025-11-20T13:46:55.5256294Z ##[group]Runner Image Provisioner
2025-11-20T13:46:55.5258208Z Hosted Compute Agent
2025-11-20T13:46:55.5259901Z Version: 20251016.436
2025-11-20T13:46:55.5261706Z Commit: 8ab8ac8bfd662a3739dab9fe09456aba92132568
2025-11-20T13:46:55.5263735Z Build Date: 2025-10-15T20:44:12Z
2025-11-20T13:46:55.5265381Z ##[endgroup]
2025-11-20T13:46:55.5318029Z ##[group]Operating System
2025-11-20T13:46:55.5319849Z Ubuntu
2025-11-20T13:46:55.5321108Z 24.04.3
2025-11-20T13:46:55.5322771Z LTS
2025-11-20T13:46:55.5324094Z ##[endgroup]
2025-11-20T13:46:55.5325399Z ##[group]Runner Image
2025-11-20T13:46:55.5326946Z Image: ubuntu-24.04
2025-11-20T13:46:55.5328268Z Version: 20251112.124.1
2025-11-20T13:46:55.5330669Z Included Software: https://github.com/actions/runner-images/blob/ubuntu24/20251112.124/images/ubuntu/Ubuntu2404-Readme.md
2025-11-20T13:46:55.5334448Z Image Release: https://github.com/actions/runner-images/releases/tag/ubuntu24%2F20251112.124
2025-11-20T13:46:55.5336768Z ##[endgroup]
2025-11-20T13:46:55.5339791Z ##[group]GITHUB_TOKEN Permissions
2025-11-20T13:46:55.5343891Z Contents: read
2025-11-20T13:46:55.5345303Z Metadata: read
2025-11-20T13:46:55.5346715Z Packages: read
2025-11-20T13:46:55.5348309Z ##[endgroup]
2025-11-20T13:46:55.5352351Z Secret source: Actions
2025-11-20T13:46:55.5354267Z Prepare workflow directory
2025-11-20T13:46:55.5869021Z Prepare all required actions
2025-11-20T13:46:55.5927679Z Getting action download info
2025-11-20T13:46:56.1272501Z Download action repository 'actions/checkout@v3' (SHA:f43a0e5ff2bd294095638e18286ca9a3d1956744)
2025-11-20T13:46:56.2264664Z Download action repository 'actions/setup-python@v4' (SHA:7f4fc3e22c37d6ff65e88745f38bd3157c663f7c)
2025-11-20T13:46:56.3981078Z Complete job name: run_analysis
2025-11-20T13:46:56.4710965Z ##[group]Run actions/checkout@v3
2025-11-20T13:46:56.4712963Z with:
2025-11-20T13:46:56.4714047Z   repository: Oulala0421/AI_Stock_Agent
2025-11-20T13:46:56.4715639Z   token: ***
2025-11-20T13:46:56.4716656Z   ssh-strict: true
2025-11-20T13:46:56.4717836Z   persist-credentials: true
2025-11-20T13:46:56.4719043Z   clean: true
2025-11-20T13:46:56.4720150Z   sparse-checkout-cone-mode: true
2025-11-20T13:46:56.4721383Z   fetch-depth: 1
2025-11-20T13:46:56.4722929Z   fetch-tags: false
2025-11-20T13:46:56.4724046Z   lfs: false
2025-11-20T13:46:56.4725118Z   submodules: false
2025-11-20T13:46:56.4726376Z   set-safe-directory: true
2025-11-20T13:46:56.4727977Z ##[endgroup]
2025-11-20T13:46:56.6617529Z Syncing repository: Oulala0421/AI_Stock_Agent
2025-11-20T13:46:56.6621922Z ##[group]Getting Git version info
2025-11-20T13:46:56.6625394Z Working directory is '/home/runner/work/AI_Stock_Agent/AI_Stock_Agent'
2025-11-20T13:46:56.6627681Z [command]/usr/bin/git version
2025-11-20T13:46:56.6628859Z git version 2.51.2
2025-11-20T13:46:56.6632779Z ##[endgroup]
2025-11-20T13:46:56.6640032Z Temporarily overriding HOME='/home/runner/work/_temp/ac3bf209-55c0-4b31-822b-395462901e65' before making global git config changes
2025-11-20T13:46:56.6643225Z Adding repository directory to the temporary git global config as a safe directory
2025-11-20T13:46:56.6645681Z [command]/usr/bin/git config --global --add safe.directory /home/runner/work/AI_Stock_Agent/AI_Stock_Agent
2025-11-20T13:46:56.6649259Z Deleting the contents of '/home/runner/work/AI_Stock_Agent/AI_Stock_Agent'
2025-11-20T13:46:56.6651580Z ##[group]Initializing the repository
2025-11-20T13:46:56.6653483Z [command]/usr/bin/git init /home/runner/work/AI_Stock_Agent/AI_Stock_Agent
2025-11-20T13:46:56.6655539Z hint: Using 'master' as the name for the initial branch. This default branch name
2025-11-20T13:46:56.6657534Z hint: is subject to change. To configure the initial branch name to use in all
2025-11-20T13:46:56.6659476Z hint: of your new repositories, which will suppress this warning, call:
2025-11-20T13:46:56.6660999Z hint:
2025-11-20T13:46:56.6662369Z hint: 	git config --global init.defaultBranch <name>
2025-11-20T13:46:56.6663836Z hint:
2025-11-20T13:46:56.6665492Z hint: Names commonly chosen instead of 'master' are 'main', 'trunk' and
2025-11-20T13:46:56.6667566Z hint: 'development'. The just-created branch can be renamed via this command:
2025-11-20T13:46:56.6669104Z hint:
2025-11-20T13:46:56.6670036Z hint: 	git branch -m <name>
2025-11-20T13:46:56.6671113Z hint:
2025-11-20T13:46:56.6672749Z hint: Disable this message with "git config set advice.defaultBranchName false"
2025-11-20T13:46:56.6674911Z Initialized empty Git repository in /home/runner/work/AI_Stock_Agent/AI_Stock_Agent/.git/
2025-11-20T13:46:56.6678444Z [command]/usr/bin/git remote add origin https://github.com/Oulala0421/AI_Stock_Agent
2025-11-20T13:46:56.6681944Z ##[endgroup]
2025-11-20T13:46:56.6683869Z ##[group]Disabling automatic garbage collection
2025-11-20T13:46:56.6685351Z [command]/usr/bin/git config --local gc.auto 0
2025-11-20T13:46:56.6688613Z ##[endgroup]
2025-11-20T13:46:56.6690210Z ##[group]Setting up auth
2025-11-20T13:46:56.6691716Z [command]/usr/bin/git config --local --name-only --get-regexp core\.sshCommand
2025-11-20T13:46:56.6695887Z [command]/usr/bin/git submodule foreach --recursive sh -c "git config --local --name-only --get-regexp 'core\.sshCommand' && git config --local --unset-all 'core.sshCommand' || :"
2025-11-20T13:46:56.6825959Z [command]/usr/bin/git config --local --name-only --get-regexp http\.https\:\/\/github\.com\/\.extraheader
2025-11-20T13:46:56.6859175Z [command]/usr/bin/git submodule foreach --recursive sh -c "git config --local --name-only --get-regexp 'http\.https\:\/\/github\.com\/\.extraheader' && git config --local --unset-all 'http.https://github.com/.extraheader' || :"
2025-11-20T13:46:56.7111871Z [command]/usr/bin/git config --local http.https://github.com/.extraheader AUTHORIZATION: basic ***
2025-11-20T13:46:56.7155213Z ##[endgroup]
2025-11-20T13:46:56.7157560Z ##[group]Fetching the repository
2025-11-20T13:46:56.7165519Z [command]/usr/bin/git -c protocol.version=2 fetch --no-tags --prune --progress --no-recurse-submodules --depth=1 origin +f08a889b1c669acba696df8488b2be3757f32c6b:refs/remotes/origin/main
2025-11-20T13:46:57.0555542Z remote: Enumerating objects: 16, done.        
2025-11-20T13:46:57.0561739Z remote: Counting objects:   6% (1/16)        
2025-11-20T13:46:57.0563562Z remote: Counting objects:  12% (2/16)        
2025-11-20T13:46:57.0564969Z remote: Counting objects:  18% (3/16)        
2025-11-20T13:46:57.0566296Z remote: Counting objects:  25% (4/16)        
2025-11-20T13:46:57.0567602Z remote: Counting objects:  31% (5/16)        
2025-11-20T13:46:57.0568865Z remote: Counting objects:  37% (6/16)        
2025-11-20T13:46:57.0570174Z remote: Counting objects:  43% (7/16)        
2025-11-20T13:46:57.0571477Z remote: Counting objects:  50% (8/16)        
2025-11-20T13:46:57.0573208Z remote: Counting objects:  56% (9/16)        
2025-11-20T13:46:57.0574640Z remote: Counting objects:  62% (10/16)        
2025-11-20T13:46:57.0576004Z remote: Counting objects:  68% (11/16)        
2025-11-20T13:46:57.0577022Z remote: Counting objects:  75% (12/16)        
2025-11-20T13:46:57.0577850Z remote: Counting objects:  81% (13/16)        
2025-11-20T13:46:57.0578633Z remote: Counting objects:  87% (14/16)        
2025-11-20T13:46:57.0579549Z remote: Counting objects:  93% (15/16)        
2025-11-20T13:46:57.0580690Z remote: Counting objects: 100% (16/16)        
2025-11-20T13:46:57.0581510Z remote: Counting objects: 100% (16/16), done.        
2025-11-20T13:46:57.0582799Z remote: Compressing objects:   7% (1/13)        
2025-11-20T13:46:57.0584208Z remote: Compressing objects:  15% (2/13)        
2025-11-20T13:46:57.0585628Z remote: Compressing objects:  23% (3/13)        
2025-11-20T13:46:57.0587200Z remote: Compressing objects:  30% (4/13)        
2025-11-20T13:46:57.0588628Z remote: Compressing objects:  38% (5/13)        
2025-11-20T13:46:57.0590089Z remote: Compressing objects:  46% (6/13)        
2025-11-20T13:46:57.0591508Z remote: Compressing objects:  53% (7/13)        
2025-11-20T13:46:57.0593221Z remote: Compressing objects:  61% (8/13)        
2025-11-20T13:46:57.0594943Z remote: Compressing objects:  69% (9/13)        
2025-11-20T13:46:57.0596352Z remote: Compressing objects:  76% (10/13)        
2025-11-20T13:46:57.0597815Z remote: Compressing objects:  84% (11/13)        
2025-11-20T13:46:57.0599262Z remote: Compressing objects:  92% (12/13)        
2025-11-20T13:46:57.0600684Z remote: Compressing objects: 100% (13/13)        
2025-11-20T13:46:57.0602402Z remote: Compressing objects: 100% (13/13), done.        
2025-11-20T13:46:57.0752786Z remote: Total 16 (delta 0), reused 15 (delta 0), pack-reused 0 (from 0)        
2025-11-20T13:46:57.0802671Z From https://github.com/Oulala0421/AI_Stock_Agent
2025-11-20T13:46:57.0804495Z  * [new ref]         f08a889b1c669acba696df8488b2be3757f32c6b -> origin/main
2025-11-20T13:46:57.0849244Z ##[endgroup]
2025-11-20T13:46:57.0853192Z ##[group]Determining the checkout info
2025-11-20T13:46:57.0855035Z ##[endgroup]
2025-11-20T13:46:57.0856986Z ##[group]Checking out the ref
2025-11-20T13:46:57.0858854Z [command]/usr/bin/git checkout --progress --force -B main refs/remotes/origin/main
2025-11-20T13:46:57.0919641Z Switched to a new branch 'main'
2025-11-20T13:46:57.0923655Z branch 'main' set up to track 'origin/main'.
2025-11-20T13:46:57.0935102Z ##[endgroup]
2025-11-20T13:46:57.0969403Z [command]/usr/bin/git log -1 --format='%H'
2025-11-20T13:46:57.0994706Z 'f08a889b1c669acba696df8488b2be3757f32c6b'
2025-11-20T13:46:57.1329160Z ##[group]Run actions/setup-python@v4
2025-11-20T13:46:57.1329949Z with:
2025-11-20T13:46:57.1330499Z   python-version: 3.9
2025-11-20T13:46:57.1331121Z   check-latest: false
2025-11-20T13:46:57.1331889Z   token: ***
2025-11-20T13:46:57.1332649Z   update-environment: true
2025-11-20T13:46:57.1333307Z   allow-prereleases: false
2025-11-20T13:46:57.1333964Z ##[endgroup]
2025-11-20T13:46:57.3166666Z ##[group]Installed versions
2025-11-20T13:46:57.3293111Z Successfully set up CPython (3.9.25)
2025-11-20T13:46:57.3295888Z ##[endgroup]
2025-11-20T13:46:57.3441150Z ##[group]Run python -m pip install --upgrade pip
2025-11-20T13:46:57.3442464Z [36;1mpython -m pip install --upgrade pip[0m
2025-11-20T13:46:57.3443645Z [36;1mif [ -f requirements.txt ]; then pip install -r requirements.txt; fi[0m
2025-11-20T13:46:57.3491449Z shell: /usr/bin/bash -e ***0***
2025-11-20T13:46:57.3492445Z env:
2025-11-20T13:46:57.3493236Z   pythonLocation: /opt/hostedtoolcache/Python/3.9.25/x64
2025-11-20T13:46:57.3494358Z   PKG_CONFIG_PATH: /opt/hostedtoolcache/Python/3.9.25/x64/lib/pkgconfig
2025-11-20T13:46:57.3495450Z   Python_ROOT_DIR: /opt/hostedtoolcache/Python/3.9.25/x64
2025-11-20T13:46:57.3496459Z   Python2_ROOT_DIR: /opt/hostedtoolcache/Python/3.9.25/x64
2025-11-20T13:46:57.3497450Z   Python3_ROOT_DIR: /opt/hostedtoolcache/Python/3.9.25/x64
2025-11-20T13:46:57.3498472Z   LD_LIBRARY_PATH: /opt/hostedtoolcache/Python/3.9.25/x64/lib
2025-11-20T13:46:57.3499388Z ##[endgroup]
2025-11-20T13:46:59.9759527Z Requirement already satisfied: pip in /opt/hostedtoolcache/Python/3.9.25/x64/lib/python3.9/site-packages (25.3)
2025-11-20T13:47:01.1216611Z Collecting yfinance (from -r requirements.txt (line 1))
2025-11-20T13:47:01.1574471Z   Downloading yfinance-0.2.66-py2.py3-none-any.whl.metadata (6.0 kB)
2025-11-20T13:47:01.3244694Z Collecting pandas (from -r requirements.txt (line 2))
2025-11-20T13:47:01.3303044Z   Downloading pandas-2.3.3-cp39-cp39-manylinux_2_24_x86_64.manylinux_2_28_x86_64.whl.metadata (91 kB)
2025-11-20T13:47:01.6095153Z Collecting numpy (from -r requirements.txt (line 3))
2025-11-20T13:47:01.6140827Z   Downloading numpy-2.0.2-cp39-cp39-manylinux_2_17_x86_64.manylinux2014_x86_64.whl.metadata (60 kB)
2025-11-20T13:47:01.6511546Z Collecting requests (from -r requirements.txt (line 4))
2025-11-20T13:47:01.6568548Z   Downloading requests-2.32.5-py3-none-any.whl.metadata (4.9 kB)
2025-11-20T13:47:01.7568168Z Collecting finvizfinance (from -r requirements.txt (line 5))
2025-11-20T13:47:01.7618338Z   Downloading finvizfinance-1.2.0-py3-none-any.whl.metadata (5.2 kB)
2025-11-20T13:47:01.7797034Z Collecting vaderSentiment (from -r requirements.txt (line 6))
2025-11-20T13:47:01.7844968Z   Downloading vaderSentiment-3.3.2-py2.py3-none-any.whl.metadata (572 bytes)
2025-11-20T13:47:01.8086099Z Collecting google-genai (from -r requirements.txt (line 7))
2025-11-20T13:47:01.8138893Z   Downloading google_genai-1.47.0-py3-none-any.whl.metadata (46 kB)
2025-11-20T13:47:01.8382967Z Collecting python-dotenv (from -r requirements.txt (line 8))
2025-11-20T13:47:01.8424777Z   Downloading python_dotenv-1.2.1-py3-none-any.whl.metadata (25 kB)
2025-11-20T13:47:02.1299149Z Collecting lxml (from -r requirements.txt (line 9))
2025-11-20T13:47:02.1344127Z   Downloading lxml-6.0.2-cp39-cp39-manylinux_2_26_x86_64.manylinux_2_28_x86_64.whl.metadata (3.6 kB)
2025-11-20T13:47:02.1605310Z Collecting gspread (from -r requirements.txt (line 10))
2025-11-20T13:47:02.1646489Z   Downloading gspread-6.2.1-py3-none-any.whl.metadata (11 kB)
2025-11-20T13:47:02.1829104Z Collecting oauth2client (from -r requirements.txt (line 11))
2025-11-20T13:47:02.1867574Z   Downloading oauth2client-4.1.3-py2.py3-none-any.whl.metadata (1.2 kB)
2025-11-20T13:47:02.2091192Z Collecting tenacity (from -r requirements.txt (line 12))
2025-11-20T13:47:02.2131599Z   Downloading tenacity-9.1.2-py3-none-any.whl.metadata (1.2 kB)
2025-11-20T13:47:02.2421817Z Collecting pandas_market_calendars (from -r requirements.txt (line 13))
2025-11-20T13:47:02.2474483Z   Downloading pandas_market_calendars-5.1.3-py3-none-any.whl.metadata (9.7 kB)
2025-11-20T13:47:02.2946930Z Collecting pyyaml (from -r requirements.txt (line 14))
2025-11-20T13:47:02.2986002Z   Downloading pyyaml-6.0.3-cp39-cp39-manylinux2014_x86_64.manylinux_2_17_x86_64.manylinux_2_28_x86_64.whl.metadata (2.4 kB)
2025-11-20T13:47:02.3404813Z Collecting multitasking>=0.0.7 (from yfinance->-r requirements.txt (line 1))
2025-11-20T13:47:02.3455462Z   Downloading multitasking-0.0.12.tar.gz (19 kB)
2025-11-20T13:47:02.3576830Z   Installing build dependencies: started
2025-11-20T13:47:03.6586538Z   Installing build dependencies: finished with status 'done'
2025-11-20T13:47:03.6598853Z   Getting requirements to build wheel: started
2025-11-20T13:47:04.1986314Z   Getting requirements to build wheel: finished with status 'done'
2025-11-20T13:47:04.1999119Z   Preparing metadata (pyproject.toml): started
2025-11-20T13:47:04.4331836Z   Preparing metadata (pyproject.toml): finished with status 'done'
2025-11-20T13:47:04.4583106Z Collecting platformdirs>=2.0.0 (from yfinance->-r requirements.txt (line 1))
2025-11-20T13:47:04.4630306Z   Downloading platformdirs-4.4.0-py3-none-any.whl.metadata (12 kB)
2025-11-20T13:47:04.5091416Z Collecting pytz>=2022.5 (from yfinance->-r requirements.txt (line 1))
2025-11-20T13:47:04.5135259Z   Downloading pytz-2025.2-py2.py3-none-any.whl.metadata (22 kB)
2025-11-20T13:47:04.5771695Z Collecting frozendict>=2.3.4 (from yfinance->-r requirements.txt (line 1))
2025-11-20T13:47:04.5816574Z   Downloading frozendict-2.4.7-cp39-cp39-manylinux2014_x86_64.manylinux_2_17_x86_64.manylinux_2_28_x86_64.whl.metadata (23 kB)
2025-11-20T13:47:04.6073571Z Collecting peewee>=3.16.2 (from yfinance->-r requirements.txt (line 1))
2025-11-20T13:47:04.6111884Z   Downloading peewee-3.18.3.tar.gz (3.0 MB)
2025-11-20T13:47:04.6325371Z      ━━━━━━━━━━━━━━━━━━━━━━━━━━━━━━━━━━━━━━━━ 3.0/3.0 MB 173.2 MB/s  0:00:00
2025-11-20T13:47:04.8168610Z   Installing build dependencies: started
2025-11-20T13:47:06.0515158Z   Installing build dependencies: finished with status 'done'
2025-11-20T13:47:06.0525119Z   Getting requirements to build wheel: started
2025-11-20T13:47:06.5393548Z   Getting requirements to build wheel: finished with status 'done'
2025-11-20T13:47:06.5406137Z   Preparing metadata (pyproject.toml): started
2025-11-20T13:47:06.7770493Z   Preparing metadata (pyproject.toml): finished with status 'done'
2025-11-20T13:47:06.7994588Z Collecting beautifulsoup4>=4.11.1 (from yfinance->-r requirements.txt (line 1))
2025-11-20T13:47:06.8035641Z   Downloading beautifulsoup4-4.14.2-py3-none-any.whl.metadata (3.8 kB)
2025-11-20T13:47:06.8684262Z Collecting curl_cffi>=0.7 (from yfinance->-r requirements.txt (line 1))
2025-11-20T13:47:06.8727400Z   Downloading curl_cffi-0.13.0-cp39-abi3-manylinux_2_17_x86_64.manylinux2014_x86_64.whl.metadata (13 kB)
2025-11-20T13:47:07.1324502Z Collecting protobuf>=3.19.0 (from yfinance->-r requirements.txt (line 1))
2025-11-20T13:47:07.1368142Z   Downloading protobuf-6.33.1-cp39-abi3-manylinux2014_x86_64.whl.metadata (593 bytes)
2025-11-20T13:47:07.2457504Z Collecting websockets>=13.0 (from yfinance->-r requirements.txt (line 1))
2025-11-20T13:47:07.2507819Z   Downloading websockets-15.0.1-cp39-cp39-manylinux_2_5_x86_64.manylinux1_x86_64.manylinux_2_17_x86_64.manylinux2014_x86_64.whl.metadata (6.8 kB)
2025-11-20T13:47:07.2769394Z Collecting python-dateutil>=2.8.2 (from pandas->-r requirements.txt (line 2))
2025-11-20T13:47:07.2808027Z   Downloading python_dateutil-2.9.0.post0-py2.py3-none-any.whl.metadata (8.4 kB)
2025-11-20T13:47:07.3051068Z Collecting tzdata>=2022.7 (from pandas->-r requirements.txt (line 2))
2025-11-20T13:47:07.3092972Z   Downloading tzdata-2025.2-py2.py3-none-any.whl.metadata (1.4 kB)
2025-11-20T13:47:07.4156861Z Collecting charset_normalizer<4,>=2 (from requests->-r requirements.txt (line 4))
2025-11-20T13:47:07.4197848Z   Downloading charset_normalizer-3.4.4-cp39-cp39-manylinux2014_x86_64.manylinux_2_17_x86_64.manylinux_2_28_x86_64.whl.metadata (37 kB)
2025-11-20T13:47:07.4384714Z Collecting idna<4,>=2.5 (from requests->-r requirements.txt (line 4))
2025-11-20T13:47:07.4424575Z   Downloading idna-3.11-py3-none-any.whl.metadata (8.4 kB)
2025-11-20T13:47:07.4819189Z Collecting urllib3<3,>=1.21.1 (from requests->-r requirements.txt (line 4))
2025-11-20T13:47:07.4859511Z   Downloading urllib3-2.5.0-py3-none-any.whl.metadata (6.5 kB)
2025-11-20T13:47:07.5115277Z Collecting certifi>=2017.4.17 (from requests->-r requirements.txt (line 4))
2025-11-20T13:47:07.5154009Z   Downloading certifi-2025.11.12-py3-none-any.whl.metadata (2.5 kB)
2025-11-20T13:47:07.5409817Z Collecting anyio<5.0.0,>=4.8.0 (from google-genai->-r requirements.txt (line 7))
2025-11-20T13:47:07.5447960Z   Downloading anyio-4.11.0-py3-none-any.whl.metadata (4.1 kB)
2025-11-20T13:47:07.5960462Z Collecting google-auth<3.0.0,>=2.14.1 (from google-genai->-r requirements.txt (line 7))
2025-11-20T13:47:07.6000641Z   Downloading google_auth-2.43.0-py2.py3-none-any.whl.metadata (6.6 kB)
2025-11-20T13:47:07.6324510Z Collecting httpx<1.0.0,>=0.28.1 (from google-genai->-r requirements.txt (line 7))
2025-11-20T13:47:07.6361076Z   Downloading httpx-0.28.1-py3-none-any.whl.metadata (7.1 kB)
2025-11-20T13:47:07.8371187Z Collecting pydantic<3.0.0,>=2.9.0 (from google-genai->-r requirements.txt (line 7))
2025-11-20T13:47:07.8414585Z   Downloading pydantic-2.12.4-py3-none-any.whl.metadata (89 kB)
2025-11-20T13:47:07.8843372Z Collecting typing-extensions<5.0.0,>=4.11.0 (from google-genai->-r requirements.txt (line 7))
2025-11-20T13:47:07.8882778Z   Downloading typing_extensions-4.15.0-py3-none-any.whl.metadata (3.3 kB)
2025-11-20T13:47:07.9074824Z Collecting exceptiongroup>=1.0.2 (from anyio<5.0.0,>=4.8.0->google-genai->-r requirements.txt (line 7))
2025-11-20T13:47:07.9110681Z   Downloading exceptiongroup-1.3.0-py3-none-any.whl.metadata (6.7 kB)
2025-11-20T13:47:07.9274890Z Collecting sniffio>=1.1 (from anyio<5.0.0,>=4.8.0->google-genai->-r requirements.txt (line 7))
2025-11-20T13:47:07.9310350Z   Downloading sniffio-1.3.1-py3-none-any.whl.metadata (3.9 kB)
2025-11-20T13:47:07.9587263Z Collecting cachetools<7.0,>=2.0.0 (from google-auth<3.0.0,>=2.14.1->google-genai->-r requirements.txt (line 7))
2025-11-20T13:47:07.9632487Z   Downloading cachetools-6.2.2-py3-none-any.whl.metadata (5.6 kB)
2025-11-20T13:47:07.9867787Z Collecting pyasn1-modules>=0.2.1 (from google-auth<3.0.0,>=2.14.1->google-genai->-r requirements.txt (line 7))
2025-11-20T13:47:07.9909181Z   Downloading pyasn1_modules-0.4.2-py3-none-any.whl.metadata (3.5 kB)
2025-11-20T13:47:08.0093636Z Collecting rsa<5,>=3.1.4 (from google-auth<3.0.0,>=2.14.1->google-genai->-r requirements.txt (line 7))
2025-11-20T13:47:08.0131419Z   Downloading rsa-4.9.1-py3-none-any.whl.metadata (5.6 kB)
2025-11-20T13:47:08.0379805Z Collecting httpcore==1.* (from httpx<1.0.0,>=0.28.1->google-genai->-r requirements.txt (line 7))
2025-11-20T13:47:08.0420504Z   Downloading httpcore-1.0.9-py3-none-any.whl.metadata (21 kB)
2025-11-20T13:47:08.0577369Z Collecting h11>=0.16 (from httpcore==1.*->httpx<1.0.0,>=0.28.1->google-genai->-r requirements.txt (line 7))
2025-11-20T13:47:08.0614651Z   Downloading h11-0.16.0-py3-none-any.whl.metadata (8.3 kB)
2025-11-20T13:47:08.0754629Z Collecting annotated-types>=0.6.0 (from pydantic<3.0.0,>=2.9.0->google-genai->-r requirements.txt (line 7))
2025-11-20T13:47:08.0780352Z   Downloading annotated_types-0.7.0-py3-none-any.whl.metadata (15 kB)
2025-11-20T13:47:08.9884836Z Collecting pydantic-core==2.41.5 (from pydantic<3.0.0,>=2.9.0->google-genai->-r requirements.txt (line 7))
2025-11-20T13:47:08.9927476Z   Downloading pydantic_core-2.41.5-cp39-cp39-manylinux_2_17_x86_64.manylinux2014_x86_64.whl.metadata (7.3 kB)
2025-11-20T13:47:09.0090074Z Collecting typing-inspection>=0.4.2 (from pydantic<3.0.0,>=2.9.0->google-genai->-r requirements.txt (line 7))
2025-11-20T13:47:09.0126239Z   Downloading typing_inspection-0.4.2-py3-none-any.whl.metadata (2.6 kB)
2025-11-20T13:47:09.0403365Z Collecting pyasn1>=0.1.3 (from rsa<5,>=3.1.4->google-auth<3.0.0,>=2.14.1->google-genai->-r requirements.txt (line 7))
2025-11-20T13:47:09.0439906Z   Downloading pyasn1-0.6.1-py3-none-any.whl.metadata (8.4 kB)
2025-11-20T13:47:09.0905102Z Collecting google-auth-oauthlib>=0.4.1 (from gspread->-r requirements.txt (line 10))
2025-11-20T13:47:09.0944561Z   Downloading google_auth_oauthlib-1.2.3-py3-none-any.whl.metadata (3.1 kB)
2025-11-20T13:47:09.1143847Z Collecting httplib2>=0.9.1 (from oauth2client->-r requirements.txt (line 11))
2025-11-20T13:47:09.1170089Z   Downloading httplib2-0.31.0-py3-none-any.whl.metadata (2.2 kB)
2025-11-20T13:47:09.1406312Z Collecting six>=1.6.1 (from oauth2client->-r requirements.txt (line 11))
2025-11-20T13:47:09.1448617Z   Downloading six-1.17.0-py2.py3-none-any.whl.metadata (1.7 kB)
2025-11-20T13:47:09.1648489Z Collecting exchange-calendars>=3.3 (from pandas_market_calendars->-r requirements.txt (line 13))
2025-11-20T13:47:09.1693593Z   Downloading exchange_calendars-4.5.6-py3-none-any.whl.metadata (37 kB)
2025-11-20T13:47:09.2044122Z Collecting soupsieve>1.2 (from beautifulsoup4>=4.11.1->yfinance->-r requirements.txt (line 1))
2025-11-20T13:47:09.2083867Z   Downloading soupsieve-2.8-py3-none-any.whl.metadata (4.6 kB)
2025-11-20T13:47:09.4638431Z Collecting cffi>=1.12.0 (from curl_cffi>=0.7->yfinance->-r requirements.txt (line 1))
2025-11-20T13:47:09.4682739Z   Downloading cffi-2.0.0-cp39-cp39-manylinux2014_x86_64.manylinux_2_17_x86_64.whl.metadata (2.6 kB)
2025-11-20T13:47:09.4894111Z Collecting pycparser (from cffi>=1.12.0->curl_cffi>=0.7->yfinance->-r requirements.txt (line 1))
2025-11-20T13:47:09.4931939Z   Downloading pycparser-2.23-py3-none-any.whl.metadata (993 bytes)
2025-11-20T13:47:09.5253669Z Collecting pyluach (from exchange-calendars>=3.3->pandas_market_calendars->-r requirements.txt (line 13))
2025-11-20T13:47:09.5296288Z   Downloading pyluach-2.3.0-py3-none-any.whl.metadata (4.3 kB)
2025-11-20T13:47:09.5449432Z Collecting toolz (from exchange-calendars>=3.3->pandas_market_calendars->-r requirements.txt (line 13))
2025-11-20T13:47:09.5492248Z   Downloading toolz-1.1.0-py3-none-any.whl.metadata (5.1 kB)
2025-11-20T13:47:09.5614771Z Collecting korean-lunar-calendar (from exchange-calendars>=3.3->pandas_market_calendars->-r requirements.txt (line 13))
2025-11-20T13:47:09.5653850Z   Downloading korean_lunar_calendar-0.3.1-py3-none-any.whl.metadata (2.8 kB)
2025-11-20T13:47:09.5924364Z Collecting google-auth<3.0.0,>=2.14.1 (from google-genai->-r requirements.txt (line 7))
2025-11-20T13:47:09.5973555Z   Downloading google_auth-2.41.1-py2.py3-none-any.whl.metadata (6.6 kB)
2025-11-20T13:47:09.6221301Z Collecting requests-oauthlib>=0.7.0 (from google-auth-oauthlib>=0.4.1->gspread->-r requirements.txt (line 10))
2025-11-20T13:47:09.6258861Z   Downloading requests_oauthlib-2.0.0-py2.py3-none-any.whl.metadata (11 kB)
2025-11-20T13:47:09.6645082Z Collecting pyparsing<4,>=3.0.4 (from httplib2>=0.9.1->oauth2client->-r requirements.txt (line 11))
2025-11-20T13:47:09.6681409Z   Downloading pyparsing-3.2.5-py3-none-any.whl.metadata (5.0 kB)
2025-11-20T13:47:09.7084279Z Collecting oauthlib>=3.0.0 (from requests-oauthlib>=0.7.0->google-auth-oauthlib>=0.4.1->gspread->-r requirements.txt (line 10))
2025-11-20T13:47:09.7127447Z   Downloading oauthlib-3.3.1-py3-none-any.whl.metadata (7.9 kB)
2025-11-20T13:47:09.7686946Z Downloading yfinance-0.2.66-py2.py3-none-any.whl (123 kB)
2025-11-20T13:47:09.7766199Z Downloading pandas-2.3.3-cp39-cp39-manylinux_2_24_x86_64.manylinux_2_28_x86_64.whl (12.8 MB)
2025-11-20T13:47:09.8543487Z    ━━━━━━━━━━━━━━━━━━━━━━━━━━━━━━━━━━━━━━━━ 12.8/12.8 MB 170.0 MB/s  0:00:00
2025-11-20T13:47:09.8607815Z Downloading numpy-2.0.2-cp39-cp39-manylinux_2_17_x86_64.manylinux2014_x86_64.whl (19.5 MB)
2025-11-20T13:47:09.9855886Z    ━━━━━━━━━━━━━━━━━━━━━━━━━━━━━━━━━━━━━━━━ 19.5/19.5 MB 164.0 MB/s  0:00:00
2025-11-20T13:47:09.9878585Z Downloading requests-2.32.5-py3-none-any.whl (64 kB)
2025-11-20T13:47:09.9948106Z Downloading charset_normalizer-3.4.4-cp39-cp39-manylinux2014_x86_64.manylinux_2_17_x86_64.manylinux_2_28_x86_64.whl (153 kB)
2025-11-20T13:47:10.0017029Z Downloading idna-3.11-py3-none-any.whl (71 kB)
2025-11-20T13:47:10.0086073Z Downloading urllib3-2.5.0-py3-none-any.whl (129 kB)
2025-11-20T13:47:10.0161361Z Downloading finvizfinance-1.2.0-py3-none-any.whl (44 kB)
2025-11-20T13:47:10.0233659Z Downloading vaderSentiment-3.3.2-py2.py3-none-any.whl (125 kB)
2025-11-20T13:47:10.0305441Z Downloading google_genai-1.47.0-py3-none-any.whl (241 kB)
2025-11-20T13:47:10.0374132Z Downloading tenacity-9.1.2-py3-none-any.whl (28 kB)
2025-11-20T13:47:10.0431095Z Downloading anyio-4.11.0-py3-none-any.whl (109 kB)
2025-11-20T13:47:10.0501045Z Downloading cachetools-6.2.2-py3-none-any.whl (11 kB)
2025-11-20T13:47:10.0561311Z Downloading httpx-0.28.1-py3-none-any.whl (73 kB)
2025-11-20T13:47:10.0619804Z Downloading httpcore-1.0.9-py3-none-any.whl (78 kB)
2025-11-20T13:47:10.0683734Z Downloading pydantic-2.12.4-py3-none-any.whl (463 kB)
2025-11-20T13:47:10.0783758Z Downloading pydantic_core-2.41.5-cp39-cp39-manylinux_2_17_x86_64.manylinux2014_x86_64.whl (2.1 MB)
2025-11-20T13:47:10.0916001Z    ━━━━━━━━━━━━━━━━━━━━━━━━━━━━━━━━━━━━━━━━ 2.1/2.1 MB 176.7 MB/s  0:00:00
2025-11-20T13:47:10.0952759Z Downloading rsa-4.9.1-py3-none-any.whl (34 kB)
2025-11-20T13:47:10.1022371Z Downloading typing_extensions-4.15.0-py3-none-any.whl (44 kB)
2025-11-20T13:47:10.1075270Z Downloading websockets-15.0.1-cp39-cp39-manylinux_2_5_x86_64.manylinux1_x86_64.manylinux_2_17_x86_64.manylinux2014_x86_64.whl (181 kB)
2025-11-20T13:47:10.1140952Z Downloading python_dotenv-1.2.1-py3-none-any.whl (21 kB)
2025-11-20T13:47:10.1203981Z Downloading lxml-6.0.2-cp39-cp39-manylinux_2_26_x86_64.manylinux_2_28_x86_64.whl (5.3 MB)
2025-11-20T13:47:10.1458735Z    ━━━━━━━━━━━━━━━━━━━━━━━━━━━━━━━━━━━━━━━━ 5.3/5.3 MB 222.8 MB/s  0:00:00
2025-11-20T13:47:10.1498529Z Downloading gspread-6.2.1-py3-none-any.whl (59 kB)
2025-11-20T13:47:10.1559706Z Downloading oauth2client-4.1.3-py2.py3-none-any.whl (98 kB)
2025-11-20T13:47:10.1632235Z Downloading pandas_market_calendars-5.1.3-py3-none-any.whl (127 kB)
2025-11-20T13:47:10.1696514Z Downloading pyyaml-6.0.3-cp39-cp39-manylinux2014_x86_64.manylinux_2_17_x86_64.manylinux_2_28_x86_64.whl (750 kB)
2025-11-20T13:47:10.1781922Z    ━━━━━━━━━━━━━━━━━━━━━━━━━━━━━━━━━━━━━━━━ 750.8/750.8 kB 109.3 MB/s  0:00:00
2025-11-20T13:47:10.1823064Z Downloading annotated_types-0.7.0-py3-none-any.whl (13 kB)
2025-11-20T13:47:10.1882614Z Downloading beautifulsoup4-4.14.2-py3-none-any.whl (106 kB)
2025-11-20T13:47:10.1983108Z Downloading certifi-2025.11.12-py3-none-any.whl (159 kB)
2025-11-20T13:47:10.2051102Z Downloading curl_cffi-0.13.0-cp39-abi3-manylinux_2_17_x86_64.manylinux2014_x86_64.whl (8.3 MB)
2025-11-20T13:47:10.2565358Z    ━━━━━━━━━━━━━━━━━━━━━━━━━━━━━━━━━━━━━━━━ 8.3/8.3 MB 194.4 MB/s  0:00:00
2025-11-20T13:47:10.2606817Z Downloading cffi-2.0.0-cp39-cp39-manylinux2014_x86_64.manylinux_2_17_x86_64.whl (216 kB)
2025-11-20T13:47:10.2688891Z Downloading exceptiongroup-1.3.0-py3-none-any.whl (16 kB)
2025-11-20T13:47:10.2754056Z Downloading exchange_calendars-4.5.6-py3-none-any.whl (196 kB)
2025-11-20T13:47:10.2831905Z Downloading frozendict-2.4.7-cp39-cp39-manylinux2014_x86_64.manylinux_2_17_x86_64.manylinux_2_28_x86_64.whl (119 kB)
2025-11-20T13:47:10.2894003Z Downloading google_auth_oauthlib-1.2.3-py3-none-any.whl (19 kB)
2025-11-20T13:47:10.2970224Z Downloading google_auth-2.41.1-py2.py3-none-any.whl (221 kB)
2025-11-20T13:47:10.3023475Z Downloading h11-0.16.0-py3-none-any.whl (37 kB)
2025-11-20T13:47:10.3113061Z Downloading httplib2-0.31.0-py3-none-any.whl (91 kB)
2025-11-20T13:47:10.3203326Z Downloading pyparsing-3.2.5-py3-none-any.whl (113 kB)
2025-11-20T13:47:10.3279664Z Downloading platformdirs-4.4.0-py3-none-any.whl (18 kB)
2025-11-20T13:47:10.3333819Z Downloading protobuf-6.33.1-cp39-abi3-manylinux2014_x86_64.whl (323 kB)
2025-11-20T13:47:10.3405578Z Downloading pyasn1-0.6.1-py3-none-any.whl (83 kB)
2025-11-20T13:47:10.3468369Z Downloading pyasn1_modules-0.4.2-py3-none-any.whl (181 kB)
2025-11-20T13:47:10.3551538Z Downloading python_dateutil-2.9.0.post0-py2.py3-none-any.whl (229 kB)
2025-11-20T13:47:10.3613153Z Downloading pytz-2025.2-py2.py3-none-any.whl (509 kB)
2025-11-20T13:47:10.3703397Z Downloading requests_oauthlib-2.0.0-py2.py3-none-any.whl (24 kB)
2025-11-20T13:47:10.3760044Z Downloading oauthlib-3.3.1-py3-none-any.whl (160 kB)
2025-11-20T13:47:10.3840066Z Downloading six-1.17.0-py2.py3-none-any.whl (11 kB)
2025-11-20T13:47:10.3891975Z Downloading sniffio-1.3.1-py3-none-any.whl (10 kB)
2025-11-20T13:47:10.3959576Z Downloading soupsieve-2.8-py3-none-any.whl (36 kB)
2025-11-20T13:47:10.4020888Z Downloading typing_inspection-0.4.2-py3-none-any.whl (14 kB)
2025-11-20T13:47:10.4082391Z Downloading tzdata-2025.2-py2.py3-none-any.whl (347 kB)
2025-11-20T13:47:10.4150699Z Downloading korean_lunar_calendar-0.3.1-py3-none-any.whl (9.0 kB)
2025-11-20T13:47:10.4223166Z Downloading pycparser-2.23-py3-none-any.whl (118 kB)
2025-11-20T13:47:10.4293674Z Downloading pyluach-2.3.0-py3-none-any.whl (25 kB)
2025-11-20T13:47:10.4354124Z Downloading toolz-1.1.0-py3-none-any.whl (58 kB)
2025-11-20T13:47:10.5433314Z Building wheels for collected packages: multitasking, peewee
2025-11-20T13:47:10.5444136Z   Building wheel for multitasking (pyproject.toml): started
2025-11-20T13:47:10.7663400Z   Building wheel for multitasking (pyproject.toml): finished with status 'done'
2025-11-20T13:47:10.7666688Z   Created wheel for multitasking: filename=multitasking-0.0.12-py3-none-any.whl size=15636 sha256=ab1eae691274c28ff5f94ccf3964c8c85fe02c68b1b035c62a53b3da984b031c
2025-11-20T13:47:10.7671086Z   Stored in directory: /home/runner/.cache/pip/wheels/98/75/bc/9eaa3cdeaaca347bab26c7e83a7e2f365d82584d65a2d48e7a
2025-11-20T13:47:10.7709063Z   Building wheel for peewee (pyproject.toml): started
2025-11-20T13:47:23.6501358Z   Building wheel for peewee (pyproject.toml): finished with status 'done'
2025-11-20T13:47:23.6519891Z   Created wheel for peewee: filename=peewee-3.18.3-cp39-cp39-linux_x86_64.whl size=994073 sha256=8d8772d41cdd08b459aabd8db09d4b996138ac75bcd545e8661d4358b36aa58f
2025-11-20T13:47:23.6523382Z   Stored in directory: /home/runner/.cache/pip/wheels/13/f4/97/0867d369d6c1f69e8cf99dfe564bb05796822eb6709ee1f903
2025-11-20T13:47:23.6547841Z Successfully built multitasking peewee
2025-11-20T13:47:23.8243891Z Installing collected packages: pytz, peewee, multitasking, korean-lunar-calendar, websockets, urllib3, tzdata, typing-extensions, toolz, tenacity, soupsieve, sniffio, six, pyyaml, python-dotenv, pyparsing, pyluach, pycparser, pyasn1, protobuf, platformdirs, oauthlib, numpy, lxml, idna, h11, frozendict, charset_normalizer, certifi, cachetools, annotated-types, typing-inspection, rsa, requests, python-dateutil, pydantic-core, pyasn1-modules, httplib2, httpcore, exceptiongroup, cffi, beautifulsoup4, vaderSentiment, requests-oauthlib, pydantic, pandas, oauth2client, google-auth, curl_cffi, anyio, yfinance, httpx, google-auth-oauthlib, finvizfinance, exchange-calendars, pandas_market_calendars, gspread, google-genai
2025-11-20T13:47:33.0024962Z 
2025-11-20T13:47:33.0131971Z Successfully installed annotated-types-0.7.0 anyio-4.11.0 beautifulsoup4-4.14.2 cachetools-6.2.2 certifi-2025.11.12 cffi-2.0.0 charset_normalizer-3.4.4 curl_cffi-0.13.0 exceptiongroup-1.3.0 exchange-calendars-4.5.6 finvizfinance-1.2.0 frozendict-2.4.7 google-auth-2.41.1 google-auth-oauthlib-1.2.3 google-genai-1.47.0 gspread-6.2.1 h11-0.16.0 httpcore-1.0.9 httplib2-0.31.0 httpx-0.28.1 idna-3.11 korean-lunar-calendar-0.3.1 lxml-6.0.2 multitasking-0.0.12 numpy-2.0.2 oauth2client-4.1.3 oauthlib-3.3.1 pandas-2.3.3 pandas_market_calendars-5.1.3 peewee-3.18.3 platformdirs-4.4.0 protobuf-6.33.1 pyasn1-0.6.1 pyasn1-modules-0.4.2 pycparser-2.23 pydantic-2.12.4 pydantic-core-2.41.5 pyluach-2.3.0 pyparsing-3.2.5 python-dateutil-2.9.0.post0 python-dotenv-1.2.1 pytz-2025.2 pyyaml-6.0.3 requests-2.32.5 requests-oauthlib-2.0.0 rsa-4.9.1 six-1.17.0 sniffio-1.3.1 soupsieve-2.8 tenacity-9.1.2 toolz-1.1.0 typing-extensions-4.15.0 typing-inspection-0.4.2 tzdata-2025.2 urllib3-2.5.0 vaderSentiment-3.3.2 websockets-15.0.1 yfinance-0.2.66
2025-11-20T13:47:33.6998577Z ##[group]Run echo "$GCP_JSON" > service_account.json
2025-11-20T13:47:33.6999071Z [36;1mecho "$GCP_JSON" > service_account.json[0m
2025-11-20T13:47:33.7035109Z shell: /usr/bin/bash -e ***0***
2025-11-20T13:47:33.7035459Z env:
2025-11-20T13:47:33.7035827Z   pythonLocation: /opt/hostedtoolcache/Python/3.9.25/x64
2025-11-20T13:47:33.7036383Z   PKG_CONFIG_PATH: /opt/hostedtoolcache/Python/3.9.25/x64/lib/pkgconfig
2025-11-20T13:47:33.7036905Z   Python_ROOT_DIR: /opt/hostedtoolcache/Python/3.9.25/x64
2025-11-20T13:47:33.7037407Z   Python2_ROOT_DIR: /opt/hostedtoolcache/Python/3.9.25/x64
2025-11-20T13:47:33.7037891Z   Python3_ROOT_DIR: /opt/hostedtoolcache/Python/3.9.25/x64
2025-11-20T13:47:33.7038359Z   LD_LIBRARY_PATH: /opt/hostedtoolcache/Python/3.9.25/x64/lib
2025-11-20T13:47:33.7048269Z   GCP_JSON: ***

2025-11-20T13:47:33.7048560Z ##[endgroup]
2025-11-20T13:47:33.7166844Z ##[group]Run if [ "schedule" == "schedule" ]; then
2025-11-20T13:47:33.7167346Z [36;1mif [ "schedule" == "schedule" ]; then[0m
2025-11-20T13:47:33.7167773Z [36;1m  HOUR=$(date -u +%H)[0m
2025-11-20T13:47:33.7168123Z [36;1m  if [ "$HOUR" -eq "13" ]; then[0m
2025-11-20T13:47:33.7168507Z [36;1m    echo "MODE=pre_market" >> $GITHUB_ENV[0m
2025-11-20T13:47:33.7168870Z [36;1m  else[0m
2025-11-20T13:47:33.7169182Z [36;1m    echo "MODE=post_market" >> $GITHUB_ENV[0m
2025-11-20T13:47:33.7169545Z [36;1m  fi[0m
2025-11-20T13:47:33.7169814Z [36;1melse[0m
2025-11-20T13:47:33.7170091Z [36;1m  echo "MODE=" >> $GITHUB_ENV[0m
2025-11-20T13:47:33.7170413Z [36;1mfi[0m
2025-11-20T13:47:33.7207663Z shell: /usr/bin/bash -e ***0***
2025-11-20T13:47:33.7208017Z env:
2025-11-20T13:47:33.7208374Z   pythonLocation: /opt/hostedtoolcache/Python/3.9.25/x64
2025-11-20T13:47:33.7208918Z   PKG_CONFIG_PATH: /opt/hostedtoolcache/Python/3.9.25/x64/lib/pkgconfig
2025-11-20T13:47:33.7209533Z   Python_ROOT_DIR: /opt/hostedtoolcache/Python/3.9.25/x64
2025-11-20T13:47:33.7209998Z   Python2_ROOT_DIR: /opt/hostedtoolcache/Python/3.9.25/x64
2025-11-20T13:47:33.7210453Z   Python3_ROOT_DIR: /opt/hostedtoolcache/Python/3.9.25/x64
2025-11-20T13:47:33.7210908Z   LD_LIBRARY_PATH: /opt/hostedtoolcache/Python/3.9.25/x64/lib
2025-11-20T13:47:33.7211298Z ##[endgroup]
2025-11-20T13:47:33.7328931Z ##[group]Run python main.py --mode pre_market
2025-11-20T13:47:33.7329444Z [36;1mpython main.py --mode pre_market[0m
2025-11-20T13:47:33.7364433Z shell: /usr/bin/bash -e ***0***
2025-11-20T13:47:33.7364777Z env:
2025-11-20T13:47:33.7365118Z   pythonLocation: /opt/hostedtoolcache/Python/3.9.25/x64
2025-11-20T13:47:33.7365629Z   PKG_CONFIG_PATH: /opt/hostedtoolcache/Python/3.9.25/x64/lib/pkgconfig
2025-11-20T13:47:33.7366123Z   Python_ROOT_DIR: /opt/hostedtoolcache/Python/3.9.25/x64
2025-11-20T13:47:33.7366748Z   Python2_ROOT_DIR: /opt/hostedtoolcache/Python/3.9.25/x64
2025-11-20T13:47:33.7367194Z   Python3_ROOT_DIR: /opt/hostedtoolcache/Python/3.9.25/x64
2025-11-20T13:47:33.7367644Z   LD_LIBRARY_PATH: /opt/hostedtoolcache/Python/3.9.25/x64/lib
2025-11-20T13:47:33.7368073Z   MODE: pre_market
2025-11-20T13:47:33.7368457Z   TG_TOKEN: ***
2025-11-20T13:47:33.7368742Z   TG_CHAT_ID: ***
2025-11-20T13:47:33.7369650Z   LINE_TOKEN: ***
2025-11-20T13:47:33.7369982Z   LINE_USER_ID: ***
2025-11-20T13:47:33.7370381Z   GEMINI_API_KEY: ***
2025-11-20T13:47:33.7370672Z ##[endgroup]
2025-11-20T13:47:40.0481781Z 
2025-11-20T13:47:40.5229448Z [                       0%                       ]
2025-11-20T13:47:40.5230525Z [*********************100%***********************]  2 of 2 completed
2025-11-20T13:47:50.3013157Z 
2025-11-20T13:47:50.3323637Z [                       0%                       ]
2025-11-20T13:47:50.3324781Z [*********************100%***********************]  2 of 2 completed
2025-11-20T13:48:00.2433042Z 
2025-11-20T13:48:00.2492609Z [                       0%                       ]
2025-11-20T13:48:00.2493744Z [*********************100%***********************]  2 of 2 completed
2025-11-20T13:48:00.5176250Z HTTP Error 404: ***"quoteSummary":***"result":null,"error":***"code":"Not Found","description":"No fundamentals data found for symbol: SMH"***
2025-11-20T13:48:09.8010127Z 
2025-11-20T13:48:09.8069689Z [                       0%                       ]
2025-11-20T13:48:09.8071426Z [*********************100%***********************]  2 of 2 completed
2025-11-20T13:48:19.6034409Z 
2025-11-20T13:48:19.6421417Z [                       0%                       ]
2025-11-20T13:48:19.6423860Z [*********************100%***********************]  2 of 2 completed
2025-11-20T13:48:29.3175048Z 
2025-11-20T13:48:29.3176111Z [*********************100%***********************]  1 of 1 completed
2025-11-20T13:48:29.6112367Z HTTP Error 404: ***"quoteSummary":***"result":null,"error":***"code":"Not Found","description":"No fundamentals data found for symbol: VOO"***
2025-11-20T13:48:38.7802620Z 
2025-11-20T13:48:38.8115512Z [                       0%                       ]
2025-11-20T13:48:38.8116731Z [*********************100%***********************]  2 of 2 completed
2025-11-20T13:48:39.0781292Z HTTP Error 404: ***"quoteSummary":***"result":null,"error":***"code":"Not Found","description":"No fundamentals data found for symbol: VXUS"***
2025-11-20T13:48:48.5249087Z 
2025-11-20T13:48:48.5307108Z [                       0%                       ]
2025-11-20T13:48:48.5308244Z [*********************100%***********************]  2 of 2 completed
2025-11-20T13:48:58.4443837Z 
2025-11-20T13:48:58.4536774Z [                       0%                       ]
2025-11-20T13:48:58.4537920Z [*********************100%***********************]  2 of 2 completed
2025-11-20T13:49:09.8472382Z 🚀 系統啟動中... 模式: pre_market (Dry Run: False)
2025-11-20T13:49:09.8473125Z 🌍 分析市場體質 (SPY & VIX)...
2025-11-20T13:49:09.8473765Z 📊 市場狀態: SPY=$662.63 (Bullish=True), VIX=19.98
2025-11-20T13:49:09.8474377Z 📥 連線 Google Sheets...
2025-11-20T13:49:09.8474913Z ✅ Google Sheets 讀取成功: 持股7檔 / 關注3檔
2025-11-20T13:49:09.8475451Z 🔄 分析數據: NET...
2025-11-20T13:49:09.8476230Z ⚠️ AI 生成最終失敗 NET: RetryError[<Future at 0x7fb23c4d62b0 state=finished raised ClientError>]
2025-11-20T13:49:09.8477022Z 🔄 分析數據: NVTS...
2025-11-20T13:49:09.8477850Z ⚠️ AI 生成最終失敗 NVTS: RetryError[<Future at 0x7fb23c7c14f0 state=finished raised ClientError>]
2025-11-20T13:49:09.8479224Z 🔄 分析數據: SMH...
2025-11-20T13:49:09.8480087Z ⚠️ AI 生成最終失敗 SMH: RetryError[<Future at 0x7fb23c2da490 state=finished raised ClientError>]
2025-11-20T13:49:09.8480898Z 🔄 分析數據: TSLA...
2025-11-20T13:49:09.8481705Z ⚠️ AI 生成最終失敗 TSLA: RetryError[<Future at 0x7fb236b174f0 state=finished raised ClientError>]
2025-11-20T13:49:09.8482776Z 🔄 分析數據: TTWO...
2025-11-20T13:49:09.8483536Z ⚠️ AI 生成最終失敗 TTWO: RetryError[<Future at 0x7fb23c875c40 state=finished raised ClientError>]
2025-11-20T13:49:09.8484264Z 🔄 分析數據: VOO...
2025-11-20T13:49:09.8485248Z ⚠️ AI 生成最終失敗 VOO: RetryError[<Future at 0x7fb23cbcd7f0 state=finished raised ClientError>]
2025-11-20T13:49:09.8485977Z 🔄 分析數據: VXUS...
2025-11-20T13:49:09.8486715Z ⚠️ AI 生成最終失敗 VXUS: RetryError[<Future at 0x7fb23cbc5040 state=finished raised ClientError>]
2025-11-20T13:49:09.8487463Z 🔄 分析數據: NVDA...
2025-11-20T13:49:09.8488183Z ⚠️ AI 生成最終失敗 NVDA: RetryError[<Future at 0x7fb23c474ca0 state=finished raised ClientError>]
2025-11-20T13:49:09.8488924Z 🔄 分析數據: GOOG...
2025-11-20T13:49:09.8489676Z ⚠️ AI 生成最終失敗 GOOG: RetryError[<Future at 0x7fb23ccbc940 state=finished raised ClientError>]
2025-11-20T13:49:09.8490484Z ⏩ Pre-market 模式跳過市場掃描
2025-11-20T13:49:09.8490758Z 
2025-11-20T13:49:09.8490976Z 📨 正在發送...
2025-11-20T13:49:09.8491410Z  -> Telegram (私密)
2025-11-20T13:49:09.8492472Z ❌ TG 發送失敗 (第1段): ***"ok":false,"error_code":404,"description":"Not Found"***
2025-11-20T13:49:09.8493197Z  -> LINE (公開)
2025-11-20T13:49:09.8494208Z ❌ LINE 發送失敗: ***"message":"The property, 'to', in the request body is invalid (line: -, column: -)"***
2025-11-20T13:49:09.8495013Z ✅ 完成！
2025-11-20T13:49:10.1085986Z Post job cleanup.
2025-11-20T13:49:10.2832563Z Post job cleanup.
2025-11-20T13:49:10.3607537Z [command]/usr/bin/git version
2025-11-20T13:49:10.3653258Z git version 2.51.2
2025-11-20T13:49:10.3709851Z Temporarily overriding HOME='/home/runner/work/_temp/e18794d2-b23b-46da-8851-5f13e9500d98' before making global git config changes
2025-11-20T13:49:10.3714825Z Adding repository directory to the temporary git global config as a safe directory
2025-11-20T13:49:10.3719682Z [command]/usr/bin/git config --global --add safe.directory /home/runner/work/AI_Stock_Agent/AI_Stock_Agent
2025-11-20T13:49:10.3756938Z [command]/usr/bin/git config --local --name-only --get-regexp core\.sshCommand
2025-11-20T13:49:10.3792931Z [command]/usr/bin/git submodule foreach --recursive sh -c "git config --local --name-only --get-regexp 'core\.sshCommand' && git config --local --unset-all 'core.sshCommand' || :"
2025-11-20T13:49:10.4055117Z [command]/usr/bin/git config --local --name-only --get-regexp http\.https\:\/\/github\.com\/\.extraheader
2025-11-20T13:49:10.4079992Z http.https://github.com/.extraheader
2025-11-20T13:49:10.4094716Z [command]/usr/bin/git config --local --unset-all http.https://github.com/.extraheader
2025-11-20T13:49:10.4131086Z [command]/usr/bin/git submodule foreach --recursive sh -c "git config --local --name-only --get-regexp 'http\.https\:\/\/github\.com\/\.extraheader' && git config --local --unset-all 'http.https://github.com/.extraheader' || :"
2025-11-20T13:49:10.4498571Z Cleaning up orphan processes
